<?xml version="1.0" encoding="utf-8"?>
<TestRun id="db510fc4-d993-40f8-9be7-63698b5ab8e7" name="Madhukar.Gilla@LI1283 2025-04-26 17:25:59" runUser="APPLIEDIS\Madhukar.Gilla" xmlns="http://microsoft.com/schemas/VisualStudio/TeamTest/2010">
  <Times creation="2025-04-26T17:25:59.2369721+05:30" queuing="2025-04-26T17:25:59.2369725+05:30" start="2025-04-26T17:25:58.5747831+05:30" finish="2025-04-26T17:25:59.2533094+05:30" />
  <TestSettings name="default" id="e136e85d-a786-495e-a67c-23ce35813050">
    <Deployment runDeploymentRoot="Madhukar.Gilla_LI1283_2025-04-26_17_25_59" />
  </TestSettings>
  <Results>
    <UnitTestResult executionId="3d02d10e-025b-4332-b7f7-99fec70a585f" testId="211f4bf8-a8cf-ff4a-17ff-94d88f92e82c" testName="cosmosofflinewithLCC.Tests.SyncEngineTests.SyncAsync_PushesLocalPendingChangeToRemote_WhenRemoteDoesNotHaveItem" computerName="LI1283" duration="00:00:00.0013687" startTime="2025-04-26T17:25:59.1387660+05:30" endTime="2025-04-26T17:25:59.1387660+05:30" testType="13cdc9d9-ddb5-4fa4-a97d-d965ccfc6d4b" outcome="Failed" testListId="8c84fa94-04c1-424b-9868-57a2d4851a1d" relativeResultsDirectory="3d02d10e-025b-4332-b7f7-99fec70a585f">
      <Output>
        <ErrorInfo>
          <Message>System.NullReferenceException : Object reference not set to an instance of an object.</Message>
          <StackTrace>   at cosmosofflinewithLCC.Sync.SyncEngine.SyncAsync[T](IDocumentStore`1 local, IDocumentStore`1 remote) in D:\play\New folder\cosmosofflinewithLCC\Sync\SyncEngine.cs:line 39&#xD;
   at cosmosofflinewithLCC.Tests.SyncEngineTests.SyncAsync_PushesLocalPendingChangeToRemote_WhenRemoteDoesNotHaveItem() in D:\play\New folder\tests\cosmosofflinewithLCC.Tests\UnitTest1.cs:line 25&#xD;
--- End of stack trace from previous location ---</StackTrace>
        </ErrorInfo>
      </Output>
    </UnitTestResult>
    <UnitTestResult executionId="125bdb8f-a0f8-4594-8eed-c1386bc21f64" testId="e24fd569-2da3-5417-d461-38e4ac2b5fb7" testName="cosmosofflinewithLCC.Tests.SyncEngineTests.SyncAsync_PullsRemoteItemToLocal_WhenRemoteIsNewerThanLocal" computerName="LI1283" duration="00:00:00.0017182" startTime="2025-04-26T17:25:59.1448884+05:30" endTime="2025-04-26T17:25:59.1448887+05:30" testType="13cdc9d9-ddb5-4fa4-a97d-d965ccfc6d4b" outcome="Passed" testListId="8c84fa94-04c1-424b-9868-57a2d4851a1d" relativeResultsDirectory="125bdb8f-a0f8-4594-8eed-c1386bc21f64" />
    <UnitTestResult executionId="727be5cf-5ffe-463b-b9f6-0b3e31b9140a" testId="17f70feb-1931-87d0-0438-2877e14e0935" testName="cosmosofflinewithLCC.Tests.SyncEngineTests.SyncAsync_PushesLocalPendingChangeToRemote_WhenLocalIsNewerThanRemote" computerName="LI1283" duration="00:00:00.0545234" startTime="2025-04-26T17:25:59.1356679+05:30" endTime="2025-04-26T17:25:59.1356791+05:30" testType="13cdc9d9-ddb5-4fa4-a97d-d965ccfc6d4b" outcome="Failed" testListId="8c84fa94-04c1-424b-9868-57a2d4851a1d" relativeResultsDirectory="727be5cf-5ffe-463b-b9f6-0b3e31b9140a">
      <Output>
        <ErrorInfo>
          <Message>System.NullReferenceException : Object reference not set to an instance of an object.</Message>
          <StackTrace>   at cosmosofflinewithLCC.Sync.SyncEngine.SyncAsync[T](IDocumentStore`1 local, IDocumentStore`1 remote) in D:\play\New folder\cosmosofflinewithLCC\Sync\SyncEngine.cs:line 39&#xD;
   at cosmosofflinewithLCC.Tests.SyncEngineTests.SyncAsync_PushesLocalPendingChangeToRemote_WhenLocalIsNewerThanRemote() in D:\play\New folder\tests\cosmosofflinewithLCC.Tests\UnitTest1.cs:line 43&#xD;
--- End of stack trace from previous location ---</StackTrace>
        </ErrorInfo>
      </Output>
    </UnitTestResult>
    <UnitTestResult executionId="fa2c91e8-a272-40cb-b494-c3e6f195baa4" testId="4ba00a0c-3cc7-4a62-9805-fd83c2978732" testName="cosmosofflinewithLCC.Tests.SyncEngineTests.SyncAsync_DoesNotPullRemoteItem_WhenLocalIsNewer" computerName="LI1283" duration="00:00:00.0013111" startTime="2025-04-26T17:25:59.1463493+05:30" endTime="2025-04-26T17:25:59.1463498+05:30" testType="13cdc9d9-ddb5-4fa4-a97d-d965ccfc6d4b" outcome="Passed" testListId="8c84fa94-04c1-424b-9868-57a2d4851a1d" relativeResultsDirectory="fa2c91e8-a272-40cb-b494-c3e6f195baa4" />
    <UnitTestResult executionId="ebb1ae88-52a7-44ba-87d8-3b4364cae558" testId="2af7e1f5-fab1-b328-c218-b228f49d7c25" testName="cosmosofflinewithLCC.Tests.SyncEngineTests.SyncAsync_PullsRemoteItemToLocal_WhenLocalDoesNotHaveItem" computerName="LI1283" duration="00:00:00.0099651" startTime="2025-04-26T17:25:59.1434200+05:30" endTime="2025-04-26T17:25:59.1434204+05:30" testType="13cdc9d9-ddb5-4fa4-a97d-d965ccfc6d4b" outcome="Passed" testListId="8c84fa94-04c1-424b-9868-57a2d4851a1d" relativeResultsDirectory="ebb1ae88-52a7-44ba-87d8-3b4364cae558" />
    <UnitTestResult executionId="4b9b983b-015a-475b-95a7-286756d62ab8" testId="40dd8c6a-a392-ab45-ca03-9ce0f7549e50" testName="cosmosofflinewithLCC.Tests.SyncEngineTests.SyncAsync_DoesNotPushLocalPendingChange_WhenRemoteIsNewer" computerName="LI1283" duration="00:00:00.0011259" startTime="2025-04-26T17:25:59.1382181+05:30" endTime="2025-04-26T17:25:59.1382183+05:30" testType="13cdc9d9-ddb5-4fa4-a97d-d965ccfc6d4b" outcome="Failed" testListId="8c84fa94-04c1-424b-9868-57a2d4851a1d" relativeResultsDirectory="4b9b983b-015a-475b-95a7-286756d62ab8">
      <Output>
        <ErrorInfo>
          <Message>System.NullReferenceException : Object reference not set to an instance of an object.</Message>
          <StackTrace>   at cosmosofflinewithLCC.Sync.SyncEngine.SyncAsync[T](IDocumentStore`1 local, IDocumentStore`1 remote) in D:\play\New folder\cosmosofflinewithLCC\Sync\SyncEngine.cs:line 39&#xD;
   at cosmosofflinewithLCC.Tests.SyncEngineTests.SyncAsync_DoesNotPushLocalPendingChange_WhenRemoteIsNewer() in D:\play\New folder\tests\cosmosofflinewithLCC.Tests\UnitTest1.cs:line 61&#xD;
--- End of stack trace from previous location ---</StackTrace>
        </ErrorInfo>
      </Output>
    </UnitTestResult>
  </Results>
  <TestDefinitions>
    <UnitTest name="cosmosofflinewithLCC.Tests.SyncEngineTests.SyncAsync_PushesLocalPendingChangeToRemote_WhenLocalIsNewerThanRemote" storage="d:\play\new folder\tests\cosmosofflinewithlcc.tests\bin\debug\net9.0\cosmosofflinewithlcc.tests.dll" id="17f70feb-1931-87d0-0438-2877e14e0935">
      <Execution id="727be5cf-5ffe-463b-b9f6-0b3e31b9140a" />
      <TestMethod codeBase="D:\play\New folder\tests\cosmosofflinewithLCC.Tests\bin\Debug\net9.0\cosmosofflinewithLCC.Tests.dll" adapterTypeName="executor://xunit/VsTestRunner2/netcoreapp" className="cosmosofflinewithLCC.Tests.SyncEngineTests" name="SyncAsync_PushesLocalPendingChangeToRemote_WhenLocalIsNewerThanRemote" />
    </UnitTest>
    <UnitTest name="cosmosofflinewithLCC.Tests.SyncEngineTests.SyncAsync_PullsRemoteItemToLocal_WhenLocalDoesNotHaveItem" storage="d:\play\new folder\tests\cosmosofflinewithlcc.tests\bin\debug\net9.0\cosmosofflinewithlcc.tests.dll" id="2af7e1f5-fab1-b328-c218-b228f49d7c25">
      <Execution id="ebb1ae88-52a7-44ba-87d8-3b4364cae558" />
      <TestMethod codeBase="D:\play\New folder\tests\cosmosofflinewithLCC.Tests\bin\Debug\net9.0\cosmosofflinewithLCC.Tests.dll" adapterTypeName="executor://xunit/VsTestRunner2/netcoreapp" className="cosmosofflinewithLCC.Tests.SyncEngineTests" name="SyncAsync_PullsRemoteItemToLocal_WhenLocalDoesNotHaveItem" />
    </UnitTest>
    <UnitTest name="cosmosofflinewithLCC.Tests.SyncEngineTests.SyncAsync_PushesLocalPendingChangeToRemote_WhenRemoteDoesNotHaveItem" storage="d:\play\new folder\tests\cosmosofflinewithlcc.tests\bin\debug\net9.0\cosmosofflinewithlcc.tests.dll" id="211f4bf8-a8cf-ff4a-17ff-94d88f92e82c">
      <Execution id="3d02d10e-025b-4332-b7f7-99fec70a585f" />
      <TestMethod codeBase="D:\play\New folder\tests\cosmosofflinewithLCC.Tests\bin\Debug\net9.0\cosmosofflinewithLCC.Tests.dll" adapterTypeName="executor://xunit/VsTestRunner2/netcoreapp" className="cosmosofflinewithLCC.Tests.SyncEngineTests" name="SyncAsync_PushesLocalPendingChangeToRemote_WhenRemoteDoesNotHaveItem" />
    </UnitTest>
    <UnitTest name="cosmosofflinewithLCC.Tests.SyncEngineTests.SyncAsync_PullsRemoteItemToLocal_WhenRemoteIsNewerThanLocal" storage="d:\play\new folder\tests\cosmosofflinewithlcc.tests\bin\debug\net9.0\cosmosofflinewithlcc.tests.dll" id="e24fd569-2da3-5417-d461-38e4ac2b5fb7">
      <Execution id="125bdb8f-a0f8-4594-8eed-c1386bc21f64" />
      <TestMethod codeBase="D:\play\New folder\tests\cosmosofflinewithLCC.Tests\bin\Debug\net9.0\cosmosofflinewithLCC.Tests.dll" adapterTypeName="executor://xunit/VsTestRunner2/netcoreapp" className="cosmosofflinewithLCC.Tests.SyncEngineTests" name="SyncAsync_PullsRemoteItemToLocal_WhenRemoteIsNewerThanLocal" />
    </UnitTest>
    <UnitTest name="cosmosofflinewithLCC.Tests.SyncEngineTests.SyncAsync_DoesNotPushLocalPendingChange_WhenRemoteIsNewer" storage="d:\play\new folder\tests\cosmosofflinewithlcc.tests\bin\debug\net9.0\cosmosofflinewithlcc.tests.dll" id="40dd8c6a-a392-ab45-ca03-9ce0f7549e50">
      <Execution id="4b9b983b-015a-475b-95a7-286756d62ab8" />
      <TestMethod codeBase="D:\play\New folder\tests\cosmosofflinewithLCC.Tests\bin\Debug\net9.0\cosmosofflinewithLCC.Tests.dll" adapterTypeName="executor://xunit/VsTestRunner2/netcoreapp" className="cosmosofflinewithLCC.Tests.SyncEngineTests" name="SyncAsync_DoesNotPushLocalPendingChange_WhenRemoteIsNewer" />
    </UnitTest>
    <UnitTest name="cosmosofflinewithLCC.Tests.SyncEngineTests.SyncAsync_DoesNotPullRemoteItem_WhenLocalIsNewer" storage="d:\play\new folder\tests\cosmosofflinewithlcc.tests\bin\debug\net9.0\cosmosofflinewithlcc.tests.dll" id="4ba00a0c-3cc7-4a62-9805-fd83c2978732">
      <Execution id="fa2c91e8-a272-40cb-b494-c3e6f195baa4" />
      <TestMethod codeBase="D:\play\New folder\tests\cosmosofflinewithLCC.Tests\bin\Debug\net9.0\cosmosofflinewithLCC.Tests.dll" adapterTypeName="executor://xunit/VsTestRunner2/netcoreapp" className="cosmosofflinewithLCC.Tests.SyncEngineTests" name="SyncAsync_DoesNotPullRemoteItem_WhenLocalIsNewer" />
    </UnitTest>
  </TestDefinitions>
  <TestEntries>
    <TestEntry testId="211f4bf8-a8cf-ff4a-17ff-94d88f92e82c" executionId="3d02d10e-025b-4332-b7f7-99fec70a585f" testListId="8c84fa94-04c1-424b-9868-57a2d4851a1d" />
    <TestEntry testId="e24fd569-2da3-5417-d461-38e4ac2b5fb7" executionId="125bdb8f-a0f8-4594-8eed-c1386bc21f64" testListId="8c84fa94-04c1-424b-9868-57a2d4851a1d" />
    <TestEntry testId="17f70feb-1931-87d0-0438-2877e14e0935" executionId="727be5cf-5ffe-463b-b9f6-0b3e31b9140a" testListId="8c84fa94-04c1-424b-9868-57a2d4851a1d" />
    <TestEntry testId="4ba00a0c-3cc7-4a62-9805-fd83c2978732" executionId="fa2c91e8-a272-40cb-b494-c3e6f195baa4" testListId="8c84fa94-04c1-424b-9868-57a2d4851a1d" />
    <TestEntry testId="2af7e1f5-fab1-b328-c218-b228f49d7c25" executionId="ebb1ae88-52a7-44ba-87d8-3b4364cae558" testListId="8c84fa94-04c1-424b-9868-57a2d4851a1d" />
    <TestEntry testId="40dd8c6a-a392-ab45-ca03-9ce0f7549e50" executionId="4b9b983b-015a-475b-95a7-286756d62ab8" testListId="8c84fa94-04c1-424b-9868-57a2d4851a1d" />
  </TestEntries>
  <TestLists>
    <TestList name="Results Not in a List" id="8c84fa94-04c1-424b-9868-57a2d4851a1d" />
    <TestList name="All Loaded Results" id="19431567-8539-422a-85d7-44ee4e166bda" />
  </TestLists>
  <ResultSummary outcome="Failed">
    <Counters total="6" executed="6" passed="3" failed="3" error="0" timeout="0" aborted="0" inconclusive="0" passedButRunAborted="0" notRunnable="0" notExecuted="0" disconnected="0" warning="0" completed="0" inProgress="0" pending="0" />
    <Output>
      <StdOut>[xUnit.net 00:00:00.00] xUnit.net VSTest Adapter v2.8.2+699d445a1a (64-bit .NET 9.0.4)&#xD;
[xUnit.net 00:00:00.06]   Discovering: cosmosofflinewithLCC.Tests&#xD;
[xUnit.net 00:00:00.08]   Discovered:  cosmosofflinewithLCC.Tests&#xD;
[xUnit.net 00:00:00.09]   Starting:    cosmosofflinewithLCC.Tests&#xD;
[xUnit.net 00:00:00.18]       System.NullReferenceException : Object reference not set to an instance of an object.&#xD;
[xUnit.net 00:00:00.18]       Stack Trace:&#xD;
[xUnit.net 00:00:00.18]         D:\play\New folder\cosmosofflinewithLCC\Sync\SyncEngine.cs(39,0): at cosmosofflinewithLCC.Sync.SyncEngine.SyncAsync[T](IDocumentStore`1 local, IDocumentStore`1 remote)&#xD;
[xUnit.net 00:00:00.18]         D:\play\New folder\tests\cosmosofflinewithLCC.Tests\UnitTest1.cs(43,0): at cosmosofflinewithLCC.Tests.SyncEngineTests.SyncAsync_PushesLocalPendingChangeToRemote_WhenLocalIsNewerThanRemote()&#xD;
[xUnit.net 00:00:00.18]         --- End of stack trace from previous location ---&#xD;
[xUnit.net 00:00:00.19]       System.NullReferenceException : Object reference not set to an instance of an object.&#xD;
[xUnit.net 00:00:00.19]       Stack Trace:&#xD;
[xUnit.net 00:00:00.19]         D:\play\New folder\cosmosofflinewithLCC\Sync\SyncEngine.cs(39,0): at cosmosofflinewithLCC.Sync.SyncEngine.SyncAsync[T](IDocumentStore`1 local, IDocumentStore`1 remote)&#xD;
[xUnit.net 00:00:00.19]         D:\play\New folder\tests\cosmosofflinewithLCC.Tests\UnitTest1.cs(61,0): at cosmosofflinewithLCC.Tests.SyncEngineTests.SyncAsync_DoesNotPushLocalPendingChange_WhenRemoteIsNewer()&#xD;
[xUnit.net 00:00:00.19]         --- End of stack trace from previous location ---&#xD;
[xUnit.net 00:00:00.19]       System.NullReferenceException : Object reference not set to an instance of an object.&#xD;
[xUnit.net 00:00:00.19]       Stack Trace:&#xD;
[xUnit.net 00:00:00.19]         D:\play\New folder\cosmosofflinewithLCC\Sync\SyncEngine.cs(39,0): at cosmosofflinewithLCC.Sync.SyncEngine.SyncAsync[T](IDocumentStore`1 local, IDocumentStore`1 remote)&#xD;
[xUnit.net 00:00:00.19]         D:\play\New folder\tests\cosmosofflinewithLCC.Tests\UnitTest1.cs(25,0): at cosmosofflinewithLCC.Tests.SyncEngineTests.SyncAsync_PushesLocalPendingChangeToRemote_WhenRemoteDoesNotHaveItem()&#xD;
[xUnit.net 00:00:00.19]         --- End of stack trace from previous location ---&#xD;
[xUnit.net 00:00:00.20]   Finished:    cosmosofflinewithLCC.Tests&#xD;
</StdOut>
    </Output>
    <RunInfos>
      <RunInfo computerName="LI1283" outcome="Error" timestamp="2025-04-26T17:25:59.1333694+05:30">
        <Text>[xUnit.net 00:00:00.18]     cosmosofflinewithLCC.Tests.SyncEngineTests.SyncAsync_PushesLocalPendingChangeToRemote_WhenLocalIsNewerThanRemote [FAIL]</Text>
      </RunInfo>
      <RunInfo computerName="LI1283" outcome="Error" timestamp="2025-04-26T17:25:59.1383548+05:30">
        <Text>[xUnit.net 00:00:00.19]     cosmosofflinewithLCC.Tests.SyncEngineTests.SyncAsync_DoesNotPushLocalPendingChange_WhenRemoteIsNewer [FAIL]</Text>
      </RunInfo>
      <RunInfo computerName="LI1283" outcome="Error" timestamp="2025-04-26T17:25:59.1388269+05:30">
        <Text>[xUnit.net 00:00:00.19]     cosmosofflinewithLCC.Tests.SyncEngineTests.SyncAsync_PushesLocalPendingChangeToRemote_WhenRemoteDoesNotHaveItem [FAIL]</Text>
      </RunInfo>
    </RunInfos>
  </ResultSummary>
</TestRun>